// Jest Snapshot v1, https://goo.gl/fbAQLP

exports[`OuiHideFor l is rendered 1`] = `
<span>
  Child
</span>
`;

exports[`OuiHideFor m is rendered 1`] = `
<span>
  Child
</span>
`;

exports[`OuiHideFor never renders for "all" 1`] = `null`;

exports[`OuiHideFor renders 1`] = `null`;

exports[`OuiHideFor renders for "none" 1`] = `
<span>
  Child
</span>
`;

exports[`OuiHideFor renders for multiple breakpoints 1`] = `null`;

exports[`OuiHideFor s is rendered 1`] = `null`;

exports[`OuiHideFor xl is rendered 1`] = `
<span>
  Child
</span>
`;

exports[`OuiHideFor xs is rendered 1`] = `
<span>
  Child
</span>
`;
