// Jest Snapshot v1, https://goo.gl/fbAQLP

exports[`OuiShowFor l is rendered 1`] = `null`;

exports[`OuiShowFor m is rendered 1`] = `null`;

exports[`OuiShowFor never renders for "none" 1`] = `null`;

exports[`OuiShowFor renders 1`] = `
<span>
  Child
</span>
`;

exports[`OuiShowFor renders for "all" 1`] = `
<span>
  Child
</span>
`;

exports[`OuiShowFor renders for multiple breakpoints 1`] = `
<span>
  Child
</span>
`;

exports[`OuiShowFor s is rendered 1`] = `
<span>
  Child
</span>
`;

exports[`OuiShowFor xl is rendered 1`] = `null`;

exports[`OuiShowFor xs is rendered 1`] = `null`;
