// Jest Snapshot v1, https://goo.gl/fbAQLP

exports[`OuiTableSortMobile is rendered 1`] = `
<div
  class="ouiTableSortMobile testClass1 testClass2"
>
  <div
    class="ouiPopover ouiPopover--anchorDownRight"
    data-test-subj="test subject string"
  >
    <div
      class="ouiPopover__anchor"
    >
      <button
        class="ouiButtonEmpty ouiButtonEmpty--primary ouiButtonEmpty--xSmall ouiButtonEmpty--flushRight"
        type="button"
      >
        <span
          class="ouiButtonContent ouiButtonContent--iconRight ouiButtonEmpty__content"
        >
          <span
            class="ouiButtonContent__icon"
            color="inherit"
            data-ouiicon-type="arrowDown"
          />
          <span
            class="ouiButtonEmpty__text"
          >
            Sorting
          </span>
        </span>
      </button>
    </div>
  </div>
</div>
`;
