// Jest Snapshot v1, https://goo.gl/fbAQLP

exports[`OuiFilterSelectItem is rendered 1`] = `
<button
  aria-label="aria-label"
  class="ouiFilterSelectItem testClass1 testClass2"
  data-test-subj="test subject string"
  role="option"
  type="button"
>
  <span
    class="ouiFlexGroup ouiFlexGroup--gutterSmall ouiFlexGroup--alignItemsCenter ouiFlexGroup--directionRow"
  >
    <div
      class="ouiFlexItem ouiFlexItem--flexGrowZero"
    >
      <span
        data-ouiicon-type="empty"
      />
    </div>
    <span
      class="ouiFlexItem ouiFilterSelectItem__content"
    />
  </span>
</button>
`;
