// Jest Snapshot v1, https://goo.gl/fbAQLP

exports[`OuiText is rendered 1`] = `
<div
  aria-label="aria-label"
  class="ouiText ouiText--medium testClass1 testClass2"
  data-test-subj="test subject string"
>
  <p>
    Content
  </p>
</div>
`;

exports[`OuiText props grow is rendered 1`] = `
<div
  aria-label="aria-label"
  class="ouiText ouiText--medium testClass1 testClass2"
  data-test-subj="test subject string"
>
  <p>
    Content
  </p>
</div>
`;
