// Jest Snapshot v1, https://goo.gl/fbAQLP

exports[`OuiSearchFilters render - no filters 1`] = `<OuiFilterGroup />`;

exports[`OuiSearchFilters render - with filters 1`] = `
<OuiFilterGroup>
  <IsFilter
    config={
      {
        "field": "open",
        "name": "Open",
        "type": "is",
      }
    }
    index={0}
    onChange={[Function]}
    query={
      Query {
        "ast": _AST {
          "_clauses": [],
          "_indexedClauses": {
            "field": {},
            "group": [],
            "is": {},
            "term": [],
          },
        },
        "syntax": {
          "parse": [Function],
          "print": [Function],
          "printClause": [Function],
        },
        "text": "",
      }
    }
  />
  <FieldValueSelectionFilter
    config={
      {
        "field": "tag",
        "name": "Tag",
        "options": [Function],
        "type": "field_value_selection",
      }
    }
    index={1}
    onChange={[Function]}
    query={
      Query {
        "ast": _AST {
          "_clauses": [],
          "_indexedClauses": {
            "field": {},
            "group": [],
            "is": {},
            "term": [],
          },
        },
        "syntax": {
          "parse": [Function],
          "print": [Function],
          "printClause": [Function],
        },
        "text": "",
      }
    }
  />
</OuiFilterGroup>
`;
