// Jest Snapshot v1, https://goo.gl/fbAQLP

exports[`OuiPaginationButton is rendered 1`] = `
<button
  aria-label="aria-label"
  class="ouiButtonEmpty ouiButtonEmpty--text ouiButtonEmpty--small ouiPaginationButton testClass1 testClass2"
  data-test-subj="test subject string"
  type="button"
>
  <span
    class="ouiButtonContent ouiButtonEmpty__content"
  >
    <span
      class="ouiButtonEmpty__text"
    >
      2
    </span>
  </span>
</button>
`;
