// Jest Snapshot v1, https://goo.gl/fbAQLP

exports[`OuiSuggestInput is rendered 1`] = `
<div
  class="ouiPopover ouiPopover--anchorDownLeft ouiPopover--displayBlock ouiInputPopover ouiInputPopover--fullWidth ouiSuggestInput testClass1 testClass2"
>
  <div
    class="ouiPopover__anchor"
  >
    <div>
      <div
        class="ouiFormControlLayout ouiFormControlLayout--fullWidth ouiFormControlLayout--group"
      >
        <div
          class="ouiFormControlLayout__childrenWrapper"
        >
          <input
            aria-label="aria-label"
            class="ouiFieldText ouiFieldText--fullWidth ouiFieldText--inGroup"
            data-test-subj="test subject string"
            type="text"
            value=""
          />
        </div>
        <span
          class="ouiToolTipAnchor"
        >
          <span
            class="ouiSuggestInput__statusIcon"
            color="accent"
            data-ouiicon-type="dot"
          />
        </span>
      </div>
    </div>
  </div>
</div>
`;
