// Jest Snapshot v1, https://goo.gl/fbAQLP

exports[`OuiFilePicker is rendered 1`] = `
<div
  class="ouiFilePicker ouiFilePicker--large testClass1 testClass2"
>
  <div
    class="ouiFilePicker__wrap"
  >
    <input
      aria-describedby="generated-id"
      aria-label="aria-label"
      class="ouiFilePicker__input"
      data-test-subj="test subject string"
      type="file"
    />
    <div
      class="ouiFilePicker__prompt"
      id="generated-id"
    >
      <span
        aria-hidden="true"
        class="ouiFilePicker__icon"
        data-ouiicon-type="importAction"
      />
      <div
        class="ouiFilePicker__promptText"
      >
        Select or drag and drop a file
      </div>
    </div>
  </div>
</div>
`;
