// Jest Snapshot v1, https://goo.gl/fbAQLP

exports[`OuiSuperDatePicker is rendered 1`] = `
<OuiFlexGroup
  className="ouiSuperDatePicker__flexWrapper"
  gutterSize="s"
  responsive={false}
>
  <OuiFlexItem>
    <OuiFormControlLayout
      className="ouiSuperDatePicker"
      isDisabled={false}
      prepend={
        <OuiQuickSelectPopover
          applyTime={[Function]}
          commonlyUsedRanges={
            [
              {
                "end": "now/d",
                "label": "Today",
                "start": "now/d",
              },
              {
                "end": "now/w",
                "label": "This week",
                "start": "now/w",
              },
              {
                "end": "now/M",
                "label": "This month",
                "start": "now/M",
              },
              {
                "end": "now/y",
                "label": "This year",
                "start": "now/y",
              },
              {
                "end": "now-1d/d",
                "label": "Yesterday",
                "start": "now-1d/d",
              },
              {
                "end": "now",
                "label": "Week to date",
                "start": "now/w",
              },
              {
                "end": "now",
                "label": "Month to date",
                "start": "now/M",
              },
              {
                "end": "now",
                "label": "Year to date",
                "start": "now/y",
              },
            ]
          }
          dateFormat="MMM D, YYYY @ HH:mm:ss.SSS"
          end="now"
          isAutoRefreshOnly={false}
          isDisabled={false}
          isPaused={true}
          recentlyUsedRanges={[]}
          refreshInterval={0}
          start="now-15m"
        />
      }
    >
      <OuiDatePickerRange
        className="ouiDatePickerRange--inGroup"
        endDateControl={<div />}
        iconType={false}
        isCustom={true}
        startDateControl={<div />}
      >
        <button
          className="ouiSuperDatePicker__prettyFormat"
          data-test-subj="superDatePickerShowDatesButton"
          disabled={false}
          onClick={[Function]}
        >
          Last 15 minutes
          <span
            className="ouiSuperDatePicker__prettyFormatLink"
          >
            <OuiI18n
              default="Show dates"
              token="ouiSuperDatePicker.showDatesButtonLabel"
            />
          </span>
        </button>
      </OuiDatePickerRange>
    </OuiFormControlLayout>
  </OuiFlexItem>
  <OuiFlexItem
    grow={false}
  >
    <OuiSuperUpdateButton
      data-test-subj="superDatePickerApplyTimeButton"
      isDisabled={false}
      isLoading={false}
      needsUpdate={false}
      onClick={[Function]}
      showTooltip={true}
    />
  </OuiFlexItem>
</OuiFlexGroup>
`;
