// Jest Snapshot v1, https://goo.gl/fbAQLP

exports[`renders OuiTable 1`] = `
<table
  aria-label="aria-label"
  class="ouiTable testClass1 testClass2 ouiTable--responsive"
  data-test-subj="test subject string"
  tabindex="-1"
>
  <thead>
    <tr>
      <th
        class="ouiTableHeaderCell"
        role="columnheader"
        scope="col"
      >
        <span
          class="ouiTableCellContent"
        >
          <span
            class="ouiTableCellContent__text"
          >
            Hi Title
          </span>
        </span>
      </th>
      <th
        class="ouiTableHeaderCell"
        role="columnheader"
        scope="col"
      >
        <span
          class="ouiTableCellContent"
        >
          <span
            class="ouiTableCellContent__text"
          >
            Bye Title
          </span>
        </span>
      </th>
    </tr>
  </thead>
  <tbody>
    <tr
      class="ouiTableRow"
    >
      <td
        class="ouiTableRowCell"
      >
        <div
          class="ouiTableCellContent"
        >
          <span
            class="ouiTableCellContent__text"
          >
            Hi
          </span>
        </div>
      </td>
    </tr>
    <tr
      class="ouiTableRow"
    >
      <td
        class="ouiTableRowCell"
      >
        <div
          class="ouiTableCellContent"
        >
          <span
            class="ouiTableCellContent__text"
          >
            Bye
          </span>
        </div>
      </td>
    </tr>
  </tbody>
</table>
`;
